// Vitest Snapshot v1, https://vitest.dev/guide/snapshot.html

exports[`App > renders page 1`] = `
{
  "asFragment": [Function],
  "baseElement": <body>
    <div>
      <section>
        <h2>
          Find These Characters:
        </h2>
        <div>
          <img
            alt="wizard"
            src="/src/assets/wizard.gif"
          />
          Wizard
        </div>
        <div>
          <img
            alt="wally"
            src="/src/assets/wally-standing.png"
          />
          Wally
        </div>
        <div>
          <img
            alt="odlaw"
            src="/src/assets/odlaw.gif"
          />
          Odlow
        </div>
        <div
          id="timer"
        >
          00:00:00
        </div>
      </section>
      <main>
        <div>
          <img
            alt="wheres-waldo"
            id="whereswaldo"
            src="/src/assets/whereswaldo.jpg"
          />
        </div>
      </main>
    </div>
  </body>,
  "container": <div>
    <section>
      <h2>
        Find These Characters:
      </h2>
      <div>
        <img
          alt="wizard"
          src="/src/assets/wizard.gif"
        />
        Wizard
      </div>
      <div>
        <img
          alt="wally"
          src="/src/assets/wally-standing.png"
        />
        Wally
      </div>
      <div>
        <img
          alt="odlaw"
          src="/src/assets/odlaw.gif"
        />
        Odlow
      </div>
      <div
        id="timer"
      >
        00:00:00
      </div>
    </section>
    <main>
      <div>
        <img
          alt="wheres-waldo"
          id="whereswaldo"
          src="/src/assets/whereswaldo.jpg"
        />
      </div>
    </main>
  </div>,
  "debug": [Function],
  "findAllByAltText": [Function],
  "findAllByDisplayValue": [Function],
  "findAllByLabelText": [Function],
  "findAllByPlaceholderText": [Function],
  "findAllByRole": [Function],
  "findAllByTestId": [Function],
  "findAllByText": [Function],
  "findAllByTitle": [Function],
  "findByAltText": [Function],
  "findByDisplayValue": [Function],
  "findByLabelText": [Function],
  "findByPlaceholderText": [Function],
  "findByRole": [Function],
  "findByTestId": [Function],
  "findByText": [Function],
  "findByTitle": [Function],
  "getAllByAltText": [Function],
  "getAllByDisplayValue": [Function],
  "getAllByLabelText": [Function],
  "getAllByPlaceholderText": [Function],
  "getAllByRole": [Function],
  "getAllByTestId": [Function],
  "getAllByText": [Function],
  "getAllByTitle": [Function],
  "getByAltText": [Function],
  "getByDisplayValue": [Function],
  "getByLabelText": [Function],
  "getByPlaceholderText": [Function],
  "getByRole": [Function],
  "getByTestId": [Function],
  "getByText": [Function],
  "getByTitle": [Function],
  "queryAllByAltText": [Function],
  "queryAllByDisplayValue": [Function],
  "queryAllByLabelText": [Function],
  "queryAllByPlaceholderText": [Function],
  "queryAllByRole": [Function],
  "queryAllByTestId": [Function],
  "queryAllByText": [Function],
  "queryAllByTitle": [Function],
  "queryByAltText": [Function],
  "queryByDisplayValue": [Function],
  "queryByLabelText": [Function],
  "queryByPlaceholderText": [Function],
  "queryByRole": [Function],
  "queryByTestId": [Function],
  "queryByText": [Function],
  "queryByTitle": [Function],
  "rerender": [Function],
  "unmount": [Function],
}
`;
